
> mvp-pm-tool@0.1.0 build E:\MERN\mvp-pm-tool
> next build

Γû▓ Next.js 16.1.6 (Turbopack)
- Environments: .env.local

node.exe : ΓÜá The "middleware" file convention is deprecated. Please use "proxy" instead. Learn more: https://nextjs.org/docs/messages/middleware-to-proxy
At C:\Users\sande\AppData\Roaming\npm\pnpm.ps1:24 char:5
+     & "node$exe"  "$basedir/node_modules/pnpm/bin/pnpm.cjs" $args
+     ~~~~~~~~~~~~~~~~~~~~~~~~~~~~~~~~~~~~~~~~~~~~~~~~~~~~~~~~~~~~~
    + CategoryInfo          : NotSpecified: (ΓÜá The "middle...leware-to-proxy:String) [], RemoteException
    + FullyQualifiedErrorId : NativeCommandError
 
  Creating an optimized production build ...
Γ£ô Compiled successfully in 32.2s
  Running TypeScript ...
  Collecting page data using 7 workers ...
  Generating static pages using 7 workers (0/15) ...
  Generating static pages using 7 workers (3/15) 
  Generating static pages using 7 workers (7/15) 
  Generating static pages using 7 workers (11/15) 
Γ£ô Generating static pages using 7 workers (15/15) in 580.6ms
  Finalizing page optimization ...

Route (app)
Γöî Γùï /
Γö£ Γùï /_not-found
Γö£ ╞Æ /auth/callback
Γö£ ╞Æ /dashboard
Γö£ Γùï /forgot-password
Γö£ Γùï /login
Γö£ ╞Æ /notifications
Γö£ ╞Æ /onboarding
Γö£ ╞Æ /projects
Γö£ ╞Æ /projects/[projectId]
Γö£ ╞Æ /projects/[projectId]/kanban
Γö£ ╞Æ /projects/[projectId]/tasks/[taskId]
Γö£ ╞Æ /projects/new
Γö£ ╞Æ /settings
Γö£ Γùï /signup
Γöö ╞Æ /team


╞Æ Proxy (Middleware)

Γùï  (Static)   prerendered as static content
╞Æ  (Dynamic)  server-rendered on demand

